mode: set
github.com/IconkaGod/ArithmeticProgression/internal/cache/cache.go:40.85,50.2 3 1
github.com/IconkaGod/ArithmeticProgression/internal/cache/cache.go:52.76,56.6 3 1
github.com/IconkaGod/ArithmeticProgression/internal/cache/cache.go:56.6,57.10 1 1
github.com/IconkaGod/ArithmeticProgression/internal/cache/cache.go:58.19,62.29 3 1
github.com/IconkaGod/ArithmeticProgression/internal/cache/cache.go:62.29,63.35 1 1
github.com/IconkaGod/ArithmeticProgression/internal/cache/cache.go:63.35,65.58 2 1
github.com/IconkaGod/ArithmeticProgression/internal/cache/cache.go:65.58,67.7 1 1
github.com/IconkaGod/ArithmeticProgression/internal/cache/cache.go:70.4,72.25 2 1
github.com/IconkaGod/ArithmeticProgression/internal/cache/cache.go:72.25,79.33 2 1
github.com/IconkaGod/ArithmeticProgression/internal/cache/cache.go:79.33,83.6 3 1
github.com/IconkaGod/ArithmeticProgression/internal/cache/cache.go:86.21,87.10 1 0
github.com/IconkaGod/ArithmeticProgression/internal/cache/cache.go:92.73,113.2 10 1
github.com/IconkaGod/ArithmeticProgression/internal/cache/cache.go:115.54,125.9 5 1
github.com/IconkaGod/ArithmeticProgression/internal/cache/cache.go:125.9,130.3 2 1
github.com/IconkaGod/ArithmeticProgression/internal/cache/cache.go:132.2,133.18 2 1
github.com/IconkaGod/ArithmeticProgression/internal/cache/cache.go:136.72,146.9 5 1
github.com/IconkaGod/ArithmeticProgression/internal/cache/cache.go:146.9,151.3 2 1
github.com/IconkaGod/ArithmeticProgression/internal/cache/cache.go:153.2,155.16 2 1
github.com/IconkaGod/ArithmeticProgression/internal/cache/cache.go:156.22,157.26 1 1
github.com/IconkaGod/ArithmeticProgression/internal/cache/cache.go:158.24,159.24 1 1
github.com/IconkaGod/ArithmeticProgression/internal/cache/cache.go:160.21,161.24 1 1
github.com/IconkaGod/ArithmeticProgression/internal/cache/cache.go:164.2,171.12 3 1
github.com/IconkaGod/ArithmeticProgression/internal/cache/cache.go:174.65,176.2 1 1
github.com/IconkaGod/ArithmeticProgression/internal/cache/cache.go:178.64,180.2 1 1
github.com/IconkaGod/ArithmeticProgression/internal/cache/cache.go:182.63,184.2 1 1
github.com/IconkaGod/ArithmeticProgression/internal/cache/cache.go:186.77,198.9 5 1
github.com/IconkaGod/ArithmeticProgression/internal/cache/cache.go:198.9,203.3 2 1
github.com/IconkaGod/ArithmeticProgression/internal/cache/cache.go:205.2,214.12 5 1
github.com/IconkaGod/ArithmeticProgression/internal/cache/cache.go:217.38,226.9 5 1
github.com/IconkaGod/ArithmeticProgression/internal/cache/cache.go:226.9,231.3 2 1
github.com/IconkaGod/ArithmeticProgression/internal/cache/cache.go:233.2,239.12 3 1
github.com/IconkaGod/ArithmeticProgression/internal/cache/cache.go:242.66,255.27 6 1
github.com/IconkaGod/ArithmeticProgression/internal/cache/cache.go:255.27,256.33 1 1
github.com/IconkaGod/ArithmeticProgression/internal/cache/cache.go:256.33,259.57 2 1
github.com/IconkaGod/ArithmeticProgression/internal/cache/cache.go:259.57,260.13 1 1
github.com/IconkaGod/ArithmeticProgression/internal/cache/cache.go:263.3,263.27 1 1
github.com/IconkaGod/ArithmeticProgression/internal/cache/cache.go:266.2,275.40 3 1
github.com/IconkaGod/ArithmeticProgression/internal/cache/cache.go:275.40,277.3 1 1
github.com/IconkaGod/ArithmeticProgression/internal/cache/cache.go:279.2,279.19 1 1
